D:\ILineSoft\spring_boot_offline\rewards-restful-spring-boot\src\main\java\com\example\service\springbootrewards\model\MyTransaction.java
D:\ILineSoft\spring_boot_offline\rewards-restful-spring-boot\src\main\java\com\example\service\springbootrewards\SpringBootRewardsApplication.java
D:\ILineSoft\spring_boot_offline\rewards-restful-spring-boot\src\main\java\com\example\service\springbootrewards\model\Customer.java
D:\ILineSoft\spring_boot_offline\rewards-restful-spring-boot\src\main\java\com\example\service\springbootrewards\model\Reward.java
D:\ILineSoft\spring_boot_offline\rewards-restful-spring-boot\src\main\java\com\example\service\springbootrewards\rewards\RewardsController.java
D:\ILineSoft\spring_boot_offline\rewards-restful-spring-boot\src\main\java\com\example\service\springbootrewards\rewards\RewardsServiceMock.java
D:\ILineSoft\spring_boot_offline\rewards-restful-spring-boot\src\main\java\com\example\service\springbootrewards\rewards\CustomerRepository.java
D:\ILineSoft\spring_boot_offline\rewards-restful-spring-boot\src\main\java\com\example\service\springbootrewards\rewards\RewardsService.java
D:\ILineSoft\spring_boot_offline\rewards-restful-spring-boot\src\main\java\com\example\service\springbootrewards\utils\Utils.java
